// Jest Snapshot v1, https://goo.gl/fbAQLP

exports[`VideoCard Should match spanshot for video 1`] = `
Object {
  "asFragment": [Function],
  "baseElement": <body>
    <div>
      <div
        class="sc-hKgILt frLybC VideoListView"
      >
        <h2
          class="viewportName"
        >
          Viewport size:
        </h2>
        <ul
          class="videoListUl"
        >
          <li>
            <div
              class="sc-dlfnbm rLhzC VideoCard"
            >
              <div
                class="sc-bdfBwQ cudsGs busySpinner"
              >
                <div
                  class="sc-gsTCUz bsFaMp"
                />
              </div>
              <div
                preload="auto"
                style="width: 100%; height: 100%;"
              />
            </div>
          </li>
        </ul>
      </div>
    </div>
  </body>,
  "container": <div>
    <div
      class="sc-hKgILt frLybC VideoListView"
    >
      <h2
        class="viewportName"
      >
        Viewport size:
      </h2>
      <ul
        class="videoListUl"
      >
        <li>
          <div
            class="sc-dlfnbm rLhzC VideoCard"
          >
            <div
              class="sc-bdfBwQ cudsGs busySpinner"
            >
              <div
                class="sc-gsTCUz bsFaMp"
              />
            </div>
            <div
              preload="auto"
              style="width: 100%; height: 100%;"
            />
          </div>
        </li>
      </ul>
    </div>
  </div>,
  "debug": [Function],
  "findAllByAltText": [Function],
  "findAllByDisplayValue": [Function],
  "findAllByLabelText": [Function],
  "findAllByPlaceholderText": [Function],
  "findAllByRole": [Function],
  "findAllByTestId": [Function],
  "findAllByText": [Function],
  "findAllByTitle": [Function],
  "findByAltText": [Function],
  "findByDisplayValue": [Function],
  "findByLabelText": [Function],
  "findByPlaceholderText": [Function],
  "findByRole": [Function],
  "findByTestId": [Function],
  "findByText": [Function],
  "findByTitle": [Function],
  "getAllByAltText": [Function],
  "getAllByDisplayValue": [Function],
  "getAllByLabelText": [Function],
  "getAllByPlaceholderText": [Function],
  "getAllByRole": [Function],
  "getAllByTestId": [Function],
  "getAllByText": [Function],
  "getAllByTitle": [Function],
  "getByAltText": [Function],
  "getByDisplayValue": [Function],
  "getByLabelText": [Function],
  "getByPlaceholderText": [Function],
  "getByRole": [Function],
  "getByTestId": [Function],
  "getByText": [Function],
  "getByTitle": [Function],
  "queryAllByAltText": [Function],
  "queryAllByDisplayValue": [Function],
  "queryAllByLabelText": [Function],
  "queryAllByPlaceholderText": [Function],
  "queryAllByRole": [Function],
  "queryAllByTestId": [Function],
  "queryAllByText": [Function],
  "queryAllByTitle": [Function],
  "queryByAltText": [Function],
  "queryByDisplayValue": [Function],
  "queryByLabelText": [Function],
  "queryByPlaceholderText": [Function],
  "queryByRole": [Function],
  "queryByTestId": [Function],
  "queryByText": [Function],
  "queryByTitle": [Function],
  "rerender": [Function],
  "unmount": [Function],
}
`;
