// Jest Snapshot v1, https://goo.gl/fbAQLP

exports[`App Should match spanshot 1`] = `Promise {}`;
